[    0.000000] Linux version 4.15.0-20-generic (buildd@lgw01-amd64-039) (gcc version 7.3.0 (Ubuntu 7.3.0-16ubuntu3)) #21-Ubuntu SMP Tue Apr 24 06:16:15 UTC 2018 (Ubuntu 4.15.0-20.21-generic 4.15.17)
[    0.000000] Command line: BOOT_IMAGE=/boot/vmlinuz-4.15.0-20-generic root=LABEL=cloudimg-rootfs ro console=tty1 console=ttyS0
[    0.000000] KERNEL supported cpus:
[    0.000000]   Intel GenuineIntel
[    0.000000]   AMD AuthenticAMD
[    0.000000]   Centaur CentaurHauls
[    0.000000] x86/fpu: Supporting XSAVE feature 0x001: 'x87 floating point registers'
[    0.000000] x86/fpu: Supporting XSAVE feature 0x002: 'SSE registers'
[    0.000000] x86/fpu: Supporting XSAVE feature 0x004: 'AVX registers'
[    0.000000] x86/fpu: xstate_offset[2]:  576, xstate_sizes[2]:  256
[    0.000000] x86/fpu: Enabled xstate features 0x7, context size is 832 bytes, using 'standard' format.
[    0.000000] e820: BIOS-provided physical RAM map:
[    0.000000] BIOS-e820: [mem 0x0000000000000000-0x000000000009fbff] usable
[    0.000000] BIOS-e820: [mem 0x000000000009fc00-0x000000000009ffff] reserved
[    0.000000] BIOS-e820: [mem 0x00000000000f0000-0x00000000000fffff] reserved
[    0.000000] BIOS-e820: [mem 0x0000000000100000-0x00000000dffeffff] usable
[    0.000000] BIOS-e820: [mem 0x00000000dfff0000-0x00000000dfffffff] ACPI data
[    0.000000] BIOS-e820: [mem 0x00000000fec00000-0x00000000fec00fff] reserved
[    0.000000] BIOS-e820: [mem 0x00000000fee00000-0x00000000fee00fff] reserved
[    0.000000] BIOS-e820: [mem 0x00000000fffc0000-0x00000000ffffffff] reserved
[    0.000000] BIOS-e820: [mem 0x0000000100000000-0x000000021fffffff] usable
[    0.000000] NX (Execute Disable) protection: active
[    0.000000] random: fast init done
[    0.000000] SMBIOS 2.5 present.
[    0.000000] DMI: innotek GmbH VirtualBox/VirtualBox, BIOS VirtualBox 12/01/2006
[    0.000000] Hypervisor detected: KVM
[    0.000000] e820: last_pfn = 0x220000 max_arch_pfn = 0x400000000
[    0.000000] MTRR: Disabled
[    0.000000] x86/PAT: MTRRs disabled, skipping PAT initialization too.
[    0.000000] CPU MTRRs all blank - virtualized system.
[    0.000000] x86/PAT: Configuration [0-7]: WB  WT  UC- UC  WB  WT  UC- UC  
[    0.000000] e820: last_pfn = 0xdfff0 max_arch_pfn = 0x400000000
[    0.000000] found SMP MP-table at [mem 0x0009fff0-0x0009ffff] mapped at [        (ptrval)]
[    0.000000] Scanning 1 areas for low memory corruption
[    0.000000] RAMDISK: [mem 0x35ac9000-0x36d5bfff]
[    0.000000] ACPI: Early table checksum verification disabled
[    0.000000] ACPI: RSDP 0x00000000000E0000 000024 (v02 VBOX  )
[    0.000000] ACPI: XSDT 0x00000000DFFF0030 00003C (v01 VBOX   VBOXXSDT 00000001 ASL  00000061)
[    0.000000] ACPI: FACP 0x00000000DFFF00F0 0000F4 (v04 VBOX   VBOXFACP 00000001 ASL  00000061)
[    0.000000] ACPI: DSDT 0x00000000DFFF0480 002325 (v02 VBOX   VBOXBIOS 00000002 INTL 20100528)
[    0.000000] ACPI: FACS 0x00000000DFFF0200 000040
[    0.000000] ACPI: FACS 0x00000000DFFF0200 000040
[    0.000000] ACPI: APIC 0x00000000DFFF0240 00006C (v02 VBOX   VBOXAPIC 00000001 ASL  00000061)
[    0.000000] ACPI: SSDT 0x00000000DFFF02B0 0001CC (v01 VBOX   VBOXCPUT 00000002 INTL 20100528)
[    0.000000] No NUMA configuration found
[    0.000000] Faking a node at [mem 0x0000000000000000-0x000000021fffffff]
[    0.000000] NODE_DATA(0) allocated [mem 0x21ffd1000-0x21fffbfff]
[    0.000000] kvm-clock: cpu 0, msr 2:1ff50001, primary cpu clock
[    0.000000] kvm-clock: Using msrs 4b564d01 and 4b564d00
[    0.000000] kvm-clock: using sched offset of 3398891747 cycles
[    0.000000] clocksource: kvm-clock: mask: 0xffffffffffffffff max_cycles: 0x1cd42e4dffb, max_idle_ns: 881590591483 ns
[    0.000000] Zone ranges:
[    0.000000]   DMA      [mem 0x0000000000001000-0x0000000000ffffff]
[    0.000000]   DMA32    [mem 0x0000000001000000-0x00000000ffffffff]
[    0.000000]   Normal   [mem 0x0000000100000000-0x000000021fffffff]
[    0.000000]   Device   empty
[    0.000000] Movable zone start for each node
[    0.000000] Early memory node ranges
[    0.000000]   node   0: [mem 0x0000000000001000-0x000000000009efff]
[    0.000000]   node   0: [mem 0x0000000000100000-0x00000000dffeffff]
[    0.000000]   node   0: [mem 0x0000000100000000-0x000000021fffffff]
[    0.000000] Initmem setup node 0 [mem 0x0000000000001000-0x000000021fffffff]
[    0.000000] Reserved but unavailable: 98 pages
[    0.000000] ACPI: PM-Timer IO Port: 0x4008
[    0.000000] IOAPIC[0]: apic_id 4, version 32, address 0xfec00000, GSI 0-23
[    0.000000] ACPI: INT_SRC_OVR (bus 0 bus_irq 0 global_irq 2 dfl dfl)
[    0.000000] ACPI: INT_SRC_OVR (bus 0 bus_irq 9 global_irq 9 low level)
[    0.000000] Using ACPI (MADT) for SMP configuration information
[    0.000000] smpboot: Allowing 4 CPUs, 0 hotplug CPUs
[    0.000000] PM: Registered nosave memory: [mem 0x00000000-0x00000fff]
[    0.000000] PM: Registered nosave memory: [mem 0x0009f000-0x0009ffff]
[    0.000000] PM: Registered nosave memory: [mem 0x000a0000-0x000effff]
[    0.000000] PM: Registered nosave memory: [mem 0x000f0000-0x000fffff]
[    0.000000] PM: Registered nosave memory: [mem 0xdfff0000-0xdfffffff]
[    0.000000] PM: Registered nosave memory: [mem 0xe0000000-0xfebfffff]
[    0.000000] PM: Registered nosave memory: [mem 0xfec00000-0xfec00fff]
[    0.000000] PM: Registered nosave memory: [mem 0xfec01000-0xfedfffff]
[    0.000000] PM: Registered nosave memory: [mem 0xfee00000-0xfee00fff]
[    0.000000] PM: Registered nosave memory: [mem 0xfee01000-0xfffbffff]
[    0.000000] PM: Registered nosave memory: [mem 0xfffc0000-0xffffffff]
[    0.000000] e820: [mem 0xe0000000-0xfebfffff] available for PCI devices
[    0.000000] Booting paravirtualized kernel on KVM
[    0.000000] clocksource: refined-jiffies: mask: 0xffffffff max_cycles: 0xffffffff, max_idle_ns: 7645519600211568 ns
[    0.000000] setup_percpu: NR_CPUS:8192 nr_cpumask_bits:4 nr_cpu_ids:4 nr_node_ids:1
[    0.000000] percpu: Embedded 46 pages/cpu @        (ptrval) s151552 r8192 d28672 u524288
[    0.000000] PV qspinlock hash table entries: 256 (order: 0, 4096 bytes)
[    0.000000] Built 1 zonelists, mobility grouping on.  Total pages: 2064249
[    0.000000] Policy zone: Normal
[    0.000000] Kernel command line: BOOT_IMAGE=/boot/vmlinuz-4.15.0-20-generic root=LABEL=cloudimg-rootfs ro console=tty1 console=ttyS0
[    0.000000] Memory: 8142576K/8388152K available (12300K kernel code, 2470K rwdata, 4240K rodata, 2404K init, 2416K bss, 245576K reserved, 0K cma-reserved)
[    0.000000] SLUB: HWalign=64, Order=0-3, MinObjects=0, CPUs=4, Nodes=1
[    0.000000] Kernel/User page tables isolation: enabled
[    0.000000] ftrace: allocating 39065 entries in 153 pages
[    0.004000] Hierarchical RCU implementation.
[    0.004000] 	RCU restricting CPUs from NR_CPUS=8192 to nr_cpu_ids=4.
[    0.004000] 	Tasks RCU enabled.
[    0.004000] RCU: Adjusting geometry for rcu_fanout_leaf=16, nr_cpu_ids=4
[    0.004000] NR_IRQS: 524544, nr_irqs: 456, preallocated irqs: 16
[    0.004000] Console: colour VGA+ 80x25
[    0.004000] console [tty1] enabled
[    0.004000] console [ttyS0] enabled
[    0.004000] ACPI: Core revision 20170831
[    0.004000] ACPI: 2 ACPI AML tables successfully acquired and loaded
[    0.004000] APIC: Switch to symmetric I/O mode setup
[    0.004000] x2apic enabled
[    0.004000] Switched APIC routing to physical x2apic.
[    0.004000] ..TIMER: vector=0x30 apic1=0 pin1=2 apic2=-1 pin2=-1
[    0.004003] tsc: Detected 2207.998 MHz processor
[    0.004988] Calibrating delay loop (skipped) preset value.. 4415.99 BogoMIPS (lpj=8831992)
[    0.008002] pid_max: default: 32768 minimum: 301
[    0.009019] Security Framework initialized
[    0.009908] Yama: becoming mindful.
[    0.010706] AppArmor: AppArmor initialized
[    0.013429] Dentry cache hash table entries: 1048576 (order: 11, 8388608 bytes)
[    0.016415] Inode-cache hash table entries: 524288 (order: 10, 4194304 bytes)
[    0.017861] Mount-cache hash table entries: 16384 (order: 5, 131072 bytes)
[    0.019260] Mountpoint-cache hash table entries: 16384 (order: 5, 131072 bytes)
[    0.020192] CPU: Physical Processor ID: 0
[    0.021066] CPU: Processor Core ID: 0
[    0.021902] mce: CPU supports 0 MCE banks
[    0.022781] Last level iTLB entries: 4KB 64, 2MB 8, 4MB 8
[    0.024002] Last level dTLB entries: 4KB 64, 2MB 0, 4MB 0, 1GB 4
[    0.025220] Spectre V2 : Mitigation: Full generic retpoline
[    0.026366] Spectre V2 : Spectre v2 mitigation: Filling RSB on context switch
[    0.028113] Freeing SMP alternatives memory: 36K
[    0.032000] smpboot: CPU0: Intel(R) Core(TM) i7-8750H CPU @ 2.20GHz (family: 0x6, model: 0x9e, stepping: 0xa)
[    0.032000] Performance Events: unsupported p6 CPU model 158 no PMU driver, software events only.
[    0.032000] Hierarchical SRCU implementation.
[    0.032685] NMI watchdog: Perf event create on CPU 0 failed with -2
[    0.033959] NMI watchdog: Perf NMI watchdog permanently disabled
[    0.035233] smp: Bringing up secondary CPUs ...
[    0.036067] x86: Booting SMP configuration:
[    0.037036] .... node  #0, CPUs:      #1
[    0.004000] kvm-clock: cpu 1, msr 2:1ff50041, secondary cpu clock
[    0.004000] mce: CPU supports 0 MCE banks
[    0.042968]  #2
[    0.004000] kvm-clock: cpu 2, msr 2:1ff50081, secondary cpu clock
[    0.004000] mce: CPU supports 0 MCE banks
[    0.047405]  #3
[    0.004000] kvm-clock: cpu 3, msr 2:1ff500c1, secondary cpu clock
[    0.004000] mce: CPU supports 0 MCE banks
[    0.052018] smp: Brought up 1 node, 4 CPUs
[    0.052896] smpboot: Max logical packages: 1
[    0.053835] smpboot: Total of 4 processors activated (17663.98 BogoMIPS)
[    0.056178] devtmpfs: initialized
[    0.056792] x86/mm: Memory block size: 128MB
[    0.058280] evm: security.selinux
[    0.059107] evm: security.SMACK64
[    0.059925] evm: security.SMACK64EXEC
[    0.060006] evm: security.SMACK64TRANSMUTE
[    0.061039] evm: security.SMACK64MMAP
[    0.061864] evm: security.apparmor
[    0.062632] evm: security.ima
[    0.064002] evm: security.capability
[    0.064843] clocksource: jiffies: mask: 0xffffffff max_cycles: 0xffffffff, max_idle_ns: 7645041785100000 ns
[    0.066076] futex hash table entries: 1024 (order: 4, 65536 bytes)
[    0.068051] pinctrl core: initialized pinctrl subsystem
[    0.069246] RTC time:  9:13:57, date: 05/18/22
[    0.070575] NET: Registered protocol family 16
[    0.072079] audit: initializing netlink subsys (disabled)
[    0.073223] audit: type=2000 audit(1652865242.778:1): state=initialized audit_enabled=0 res=1
[    0.076006] cpuidle: using governor ladder
[    0.077015] cpuidle: using governor menu
[    0.078086] ACPI: bus type PCI registered
[    0.079045] acpiphp: ACPI Hot Plug PCI Controller Driver version: 0.5
[    0.080307] PCI: Using configuration type 1 for base access
[    0.084039] HugeTLB registered 2.00 MiB page size, pre-allocated 0 pages
[    0.085409] ACPI: Added _OSI(Module Device)
[    0.085409] ACPI: Added _OSI(Processor Device)
[    0.088002] ACPI: Added _OSI(3.0 _SCP Extensions)
[    0.089491] ACPI: Added _OSI(Processor Aggregator Device)
[    0.090889] ACPI: Executed 1 blocks of module-level executable AML code
[    0.096995] ACPI: Interpreter enabled
[    0.097958] ACPI: (supports S0 S5)
[    0.098729] ACPI: Using IOAPIC for interrupt routing
[    0.100000] PCI: Using host bridge windows from ACPI; if necessary, use "pci=nocrs" and report a bug
[    0.100167] ACPI: Enabled 2 GPEs in block 00 to 07
[    0.109749] ACPI: PCI Root Bridge [PCI0] (domain 0000 [bus 00-ff])
[    0.111019] acpi PNP0A03:00: _OSC: OS supports [ASPM ClockPM Segments MSI]
[    0.112557] acpi PNP0A03:00: _OSC: not requesting OS control; OS requires [ExtendedConfig ASPM ClockPM MSI]
[    0.114584] acpi PNP0A03:00: fail to add MMCONFIG information, can't access extended PCI configuration space under this bridge.
[    0.116377] PCI host bridge to bus 0000:00
[    0.117278] pci_bus 0000:00: root bus resource [io  0x0000-0x0cf7 window]
[    0.120002] pci_bus 0000:00: root bus resource [io  0x0d00-0xffff window]
[    0.121440] pci_bus 0000:00: root bus resource [mem 0x000a0000-0x000bffff window]
[    0.124002] pci_bus 0000:00: root bus resource [mem 0xe0000000-0xfdffffff window]
[    0.125604] pci_bus 0000:00: root bus resource [bus 00-ff]
[    0.129271] pci 0000:00:01.1: legacy IDE quirk: reg 0x10: [io  0x01f0-0x01f7]
[    0.130711] pci 0000:00:01.1: legacy IDE quirk: reg 0x14: [io  0x03f6]
[    0.132002] pci 0000:00:01.1: legacy IDE quirk: reg 0x18: [io  0x0170-0x0177]
[    0.133502] pci 0000:00:01.1: legacy IDE quirk: reg 0x1c: [io  0x0376]
[    0.192214] pci 0000:00:07.0: quirk: [io  0x4000-0x403f] claimed by PIIX4 ACPI
[    0.193772] pci 0000:00:07.0: quirk: [io  0x4100-0x410f] claimed by PIIX4 SMB
[    0.232372] ACPI: PCI Interrupt Link [LNKA] (IRQs 5 9 10 *11)
[    0.233911] ACPI: PCI Interrupt Link [LNKB] (IRQs 5 9 *10 11)
[    0.235221] ACPI: PCI Interrupt Link [LNKC] (IRQs 5 *9 10 11)
[    0.236113] ACPI: PCI Interrupt Link [LNKD] (IRQs 5 9 10 *11)
[    0.237596] SCSI subsystem initialized
[    0.238437] pci 0000:00:02.0: vgaarb: setting as boot VGA device
[    0.238437] pci 0000:00:02.0: vgaarb: VGA device added: decodes=io+mem,owns=io+mem,locks=none
[    0.240007] pci 0000:00:02.0: vgaarb: bridge control possible
[    0.241287] vgaarb: loaded
[    0.244019] ACPI: bus type USB registered
[    0.244921] usbcore: registered new interface driver usbfs
[    0.246130] usbcore: registered new interface driver hub
[    0.247366] usbcore: registered new device driver usb
[    0.248049] EDAC MC: Ver: 3.0.0
[    0.248951] PCI: Using ACPI for IRQ routing
[    0.249182] NetLabel: Initializing
[    0.250068] NetLabel:  domain hash size = 128
[    0.252002] NetLabel:  protocols = UNLABELED CIPSOv4 CALIPSO
[    0.253198] NetLabel:  unlabeled traffic allowed by default
[    0.256105] clocksource: Switched to clocksource kvm-clock
[    0.266267] VFS: Disk quotas dquot_6.6.0
[    0.267153] VFS: Dquot-cache hash table entries: 512 (order 0, 4096 bytes)
[    0.269026] AppArmor: AppArmor Filesystem Enabled
[    0.270031] pnp: PnP ACPI init
[    0.271753] pnp: PnP ACPI: found 3 devices
[    0.281189] clocksource: acpi_pm: mask: 0xffffff max_cycles: 0xffffff, max_idle_ns: 2085701024 ns
[    0.283150] NET: Registered protocol family 2
[    0.284650] TCP established hash table entries: 65536 (order: 7, 524288 bytes)
[    0.286779] TCP bind hash table entries: 65536 (order: 8, 1048576 bytes)
[    0.288525] TCP: Hash tables configured (established 65536 bind 65536)
[    0.289869] UDP hash table entries: 4096 (order: 5, 131072 bytes)
[    0.291188] UDP-Lite hash table entries: 4096 (order: 5, 131072 bytes)
[    0.292589] NET: Registered protocol family 1
[    0.293523] pci 0000:00:00.0: Limiting direct PCI/PCI transfers
[    0.294751] pci 0000:00:01.0: Activating ISA DMA hang workarounds
[    0.296069] pci 0000:00:02.0: Video device with shadowed ROM at [mem 0x000c0000-0x000dffff]
[    0.297932] Unpacking initramfs...
[    0.520310] Freeing initrd memory: 19020K
[    0.521231] PCI-DMA: Using software bounce buffering for IO (SWIOTLB)
[    0.522530] software IO TLB [mem 0xdbff0000-0xdfff0000] (64MB) mapped at [00000000fdd72183-00000000dfe800e5]
[    0.524805] platform rtc_cmos: registered platform RTC device (no PNP device found)
[    0.526465] Scanning for low memory corruption every 60 seconds
[    0.528687] Initialise system trusted keyrings
[    0.533308] Key type blacklist registered
[    0.534691] workingset: timestamp_bits=36 max_order=21 bucket_order=0
[    0.536924] zbud: loaded
[    0.538166] squashfs: version 4.0 (2009/01/31) Phillip Lougher
[    0.539667] fuse init (API version 7.26)
[    0.543338] Key type asymmetric registered
[    0.544251] Asymmetric key parser 'x509' registered
[    0.545303] Block layer SCSI generic (bsg) driver version 0.4 loaded (major 246)
[    0.546919] io scheduler noop registered
[    0.547837] io scheduler deadline registered
[    0.548854] io scheduler cfq registered (default)
[    0.550408] ACPI: AC Adapter [AC] (on-line)
[    0.551730] input: Power Button as /devices/LNXSYSTM:00/LNXPWRBN:00/input/input0
[    0.553482] ACPI: Power Button [PWRF]
[    0.554540] input: Sleep Button as /devices/LNXSYSTM:00/LNXSLPBN:00/input/input1
[    0.556144] ACPI: Sleep Button [SLPF]
[    0.558121] ACPI: Battery Slot [BAT0] (battery present)
[    0.559427] Serial: 8250/16550 driver, 32 ports, IRQ sharing enabled
[    0.581539] 00:02: ttyS0 at I/O 0x3f8 (irq = 4, base_baud = 115200) is a 16550A
[    0.585753] Linux agpgart interface v0.103
[    0.588116] loop: module loaded
[    0.589300] scsi host0: ata_piix
[    0.590176] scsi host1: ata_piix
[    0.590841] ata1: PATA max UDMA/33 cmd 0x1f0 ctl 0x3f6 bmdma 0xd000 irq 14
[    0.592035] ata2: PATA max UDMA/33 cmd 0x170 ctl 0x376 bmdma 0xd008 irq 15
[    0.593340] libphy: Fixed MDIO Bus: probed
[    0.594134] tun: Universal TUN/TAP device driver, 1.6
[    0.595100] PPP generic driver version 2.4.2
[    0.596209] ehci_hcd: USB 2.0 'Enhanced' Host Controller (EHCI) Driver
[    0.597383] ehci-pci: EHCI PCI platform driver
[    0.598193] ehci-platform: EHCI generic platform driver
[    0.599154] ohci_hcd: USB 1.1 'Open' Host Controller (OHCI) Driver
[    0.600196] ohci-pci: OHCI PCI platform driver
[    0.601734] ohci-platform: OHCI generic platform driver
[    0.602926] uhci_hcd: USB Universal Host Controller Interface driver
[    0.604183] i8042: PNP: PS/2 Controller [PNP0303:PS2K,PNP0f03:PS2M] at 0x60,0x64 irq 1,12
[    0.606101] serio: i8042 KBD port at 0x60,0x64 irq 1
[    0.607019] serio: i8042 AUX port at 0x60,0x64 irq 12
[    0.608381] mousedev: PS/2 mouse device common for all mice
[    0.610006] rtc_cmos rtc_cmos: rtc core: registered rtc_cmos as rtc0
[    0.611183] rtc_cmos rtc_cmos: alarms up to one day, 114 bytes nvram
[    0.612354] input: AT Translated Set 2 keyboard as /devices/platform/i8042/serio0/input/input2
[    0.613957] i2c /dev entries driver
[    0.614676] device-mapper: uevent: version 1.0.3
[    0.615589] device-mapper: ioctl: 4.37.0-ioctl (2017-09-20) initialised: dm-devel@redhat.com
[    0.617235] ledtrig-cpu: registered to indicate activity on CPUs
[    0.618997] NET: Registered protocol family 10
[    0.622794] Segment Routing with IPv6
[    0.623553] NET: Registered protocol family 17
[    0.624478] Key type dns_resolver registered
[    0.625596] RAS: Correctable Errors collector initialized.
[    0.626580] sched_clock: Marking stable (625568634, 0)->(1012560417, -386991783)
[    0.628903] registered taskstats version 1
[    0.629832] Loading compiled-in X.509 certificates
[    0.632511] Loaded X.509 cert 'Build time autogenerated kernel key: f4ad6a5babf67650e4ceb385fa5dda8e4a178208'
[    0.634608] zswap: loaded using pool lzo/zbud
[    0.638105] Key type big_key registered
[    0.638835] Key type trusted registered
[    0.641034] Key type encrypted registered
[    0.641781] AppArmor: AppArmor sha1 policy hashing enabled
[    0.642780] ima: No TPM chip found, activating TPM-bypass! (rc=-19)
[    0.643890] evm: HMAC attrs: 0x1
[    0.644790]   Magic number: 6:467:222
[    0.645621] rtc_cmos rtc_cmos: setting system clock to 2022-05-18 09:13:58 UTC (1652865238)
[    0.647297] BIOS EDD facility v0.16 2004-Jun-25, 0 devices found
[    0.648384] EDD information not available.
[    1.032206] Freeing unused kernel memory: 2404K
[    1.033275] Write protecting the kernel read-only data: 20480k
[    1.035546] Freeing unused kernel memory: 2008K
[    1.039967] Freeing unused kernel memory: 1904K
[    1.048725] x86/mm: Checked W+X mappings: passed, no W+X pages found.
[    1.050047] x86/mm: Checking user space page tables
[    1.059274] x86/mm: Checked W+X mappings: passed, no W+X pages found.
Loading, please wait...
starting version 237
[    1.108314] e1000: Intel(R) PRO/1000 Network Driver - version 7.3.21-k8-NAPI
[    1.110256] e1000: Copyright (c) 1999-2006 Intel Corporation.
[    1.111625] Fusion MPT base driver 3.04.20
[    1.112636] Copyright (c) 1999-2008 LSI Corporation
[    1.125017] Fusion MPT SPI Host driver 3.04.20
[    1.126315] AVX2 version of gcm_enc/dec engaged.
[    1.127386] AES CTR mode by8 optimization enabled
[    1.323380] input: ImExPS/2 Generic Explorer Mouse as /devices/platform/i8042/serio1/input/input4
[    1.532089] tsc: Refined TSC clocksource calibration: 2208.767 MHz
[    1.533548] clocksource: tsc: mask: 0xffffffffffffffff max_cycles: 0x1fd68cb6f15, max_idle_ns: 440795223273 ns
[    1.540252] e1000 0000:00:03.0 eth0: (PCI:33MHz:32-bit) 02:d8:8f:db:6c:f1
[    1.541712] e1000 0000:00:03.0 eth0: Intel(R) PRO/1000 Network Connection
[    3.234309] e1000 0000:00:08.0 eth1: (PCI:33MHz:32-bit) 08:00:27:cd:f0:fc
[    3.236098] e1000 0000:00:08.0 eth1: Intel(R) PRO/1000 Network Connection
[    3.238416] e1000 0000:00:03.0 enp0s3: renamed from eth0
[    3.240314] mptbase: ioc0: Initiating bringup
[    3.288508] e1000 0000:00:08.0 enp0s8: renamed from eth1
[    3.338556] ioc0: LSI53C1030 A0: Capabilities={Initiator}
[    5.207824] scsi host2: ioc0: LSI53C1030 A0, FwRev=00000000h, Ports=1, MaxQ=256, IRQ=20
[    6.525938] scsi 2:0:0:0: Direct-Access     VBOX     HARDDISK         1.0  PQ: 0 ANSI: 5
[    7.068795] scsi target2:0:0: Beginning Domain Validation
[    7.072210] scsi target2:0:0: Domain Validation skipping write tests
[    7.073397] scsi target2:0:0: Ending Domain Validation
[    7.074434] scsi target2:0:0: asynchronous
[    7.075731] scsi 2:0:1:0: Direct-Access     VBOX     HARDDISK         1.0  PQ: 0 ANSI: 5
[    7.282731] scsi target2:0:1: Beginning Domain Validation
[    7.286110] scsi target2:0:1: Domain Validation skipping write tests
[    7.287785] scsi target2:0:1: Ending Domain Validation
[    7.288942] scsi target2:0:1: asynchronous
[    7.292912] sd 2:0:0:0: Attached scsi generic sg0 type 0
[    7.294558] sd 2:0:1:0: Attached scsi generic sg1 type 0
[    7.295857] sd 2:0:0:0: [sda] 20971520 512-byte logical blocks: (10.7 GB/10.0 GiB)
[    7.298623] sd 2:0:1:0: [sdb] 20480 512-byte logical blocks: (10.5 MB/10.0 MiB)
[    7.300213] sd 2:0:0:0: [sda] Write Protect is off
[    7.301477] sd 2:0:1:0: [sdb] Write Protect is off
[    7.302616] sd 2:0:0:0: [sda] Incomplete mode parameter data
[    7.304218] sd 2:0:0:0: [sda] Assuming drive cache: write through
[    7.305499] sd 2:0:1:0: [sdb] Incomplete mode parameter data
[    7.308704] sd 2:0:1:0: [sdb] Assuming drive cache: write through
[    7.319983]  sda: sda1
[    7.322322] sd 2:0:0:0: [sda] Attached SCSI disk
[    7.323822] sd 2:0:1:0: [sdb] Attached SCSI disk
Begin: Loading essential drivers ... [    9.664095] raid6: sse2x1   gen() 13105 MB/s
[    9.712075] raid6: sse2x1   xor()  9414 MB/s
[    9.760092] raid6: sse2x2   gen() 16205 MB/s
[    9.808083] raid6: sse2x2   xor() 11018 MB/s
[    9.856077] raid6: sse2x4   gen() 18312 MB/s
[    9.904048] raid6: sse2x4   xor() 11627 MB/s
[    9.952095] raid6: avx2x1   gen() 24548 MB/s
[   10.000092] raid6: avx2x1   xor() 14195 MB/s
[   10.048094] raid6: avx2x2   gen() 28484 MB/s
[   10.096073] raid6: avx2x2   xor() 18846 MB/s
[   10.144058] raid6: avx2x4   gen() 34466 MB/s
[   10.192097] raid6: avx2x4   xor() 20889 MB/s
[   10.193118] raid6: using algorithm avx2x4 gen() 34466 MB/s
[   10.194270] raid6: .... xor() 20889 MB/s, rmw enabled
[   10.195324] raid6: using avx2x2 recovery algorithm
[   10.197483] xor: automatically using best checksumming function   avx       
[   10.199980] async_tx: api initialized (async)
done.
Begin: Running /scripts/init-premount ... done.
Begin: Mounting root file system ... Begin: Running /scripts/local-top ... done.
Begin: Running /scripts/local-premount ... [   10.237069] Btrfs loaded, crc32c=crc32c-intel
Scanning for Btrfs filesystems
done.
Warning: fsck not present, so skipping root file system
[   10.259304] EXT4-fs (sda1): mounted filesystem with ordered data mode. Opts: (null)
done.
Begin: Running /scripts/local-bottom ... done.
Begin: Running /scripts/init-bottom ... done.
[   10.387541] ip_tables: (C) 2000-2006 Netfilter Core Team
[   10.395287] systemd[1]: systemd 237 running in system mode. (+PAM +AUDIT +SELINUX +IMA +APPARMOR +SMACK +SYSVINIT +UTMP +LIBCRYPTSETUP +GCRYPT +GNUTLS +ACL +XZ +LZ4 +SECCOMP +BLKID +ELFUTILS +KMOD -IDN2 +IDN -PCRE2 default-hierarchy=hybrid)
[   10.399951] systemd[1]: Detected virtualization oracle.
[   10.401140] systemd[1]: Detected architecture x86-64.

Welcome to [1mUbuntu 18.04.5 LTS[0m!

[   10.408999] systemd[1]: Set hostname to <ubuntu>.
[   10.412312] systemd[1]: Initializing machine ID from random generator.
[   10.413682] systemd[1]: Installed transient /etc/machine-id file.
[   10.598154] systemd[1]: Started Forward Password Requests to Wall Directory Watch.
[[0;32m  OK  [0m] Started Forward Password Requests to Wall Directory Watch.
[   11.175999] systemd[1]: Set up automount Arbitrary Executable File Formats File System Automount Point.
[[0;32m  OK  [0m] Set up automount Arbitrary Executabâ€¦rmats File System Automount Point.
[   11.205506] systemd[1]: Reached target Swap.
[[0;32m  OK  [0m] Reached target Swap.
[   11.209410] systemd[1]: Created slice System Slice.
[[0;32m  OK  [0m] Created slice System Slice.
[[0;32m  OK  [0m] Listening on Syslog Socket.
[[0;32m  OK  [0m] Listening on Journal Socket (/dev/log).
[[0;32m  OK  [0m] Listening on LVM2 metadata daemon socket.
[[0;32m  OK  [0m] Listening on Device-mapper event daemon FIFOs.
[[0;32m  OK  [0m] Created slice system-serial\x2dgetty.slice.
[[0;32m  OK  [0m] Listening on udev Control Socket.
[[0;32m  OK  [0m] Listening on Network Service Netlink Socket.
[[0;32m  OK  [0m] Listening on udev Kernel Socket.
[[0;32m  OK  [0m] Listening on Journal Audit Socket.
[[0;32m  OK  [0m] Created slice User and Session Slice.
[[0;32m  OK  [0m] Reached target Slices.
[[0;32m  OK  [0m] Listening on Journal Socket.
         Starting Uncomplicated firewall...
         Starting Create list of required stâ€¦ce nodes for the current kernel...
         Starting Monitoring of LVM2 mirrorsâ€¦ng dmeventd or progress polling...
         Starting Journal Service...
         Mounting POSIX Message Queue File System...
         Mounting Kernel Debug File System...
         Starting Set the console keyboard layout...
         Mounting Huge Pages File System...
         Starting udev Coldplug all Devices...
         Starting Load Kernel Modules...
         Starting Remount Root and Kernel File Systems...
[   12.220100] Loading iSCSI transport class v2.0-870.
[[0;32m  OK  [0m] Listening on /dev/initctl Compatibility Named Pipe.
[[0;32m  OK  [0m] Reached target System Time Synchronized.
[[0;32m  OK  [0m] Listening on LVM2 poll daemon socket.
[   12.226687] iscsi: registered transport (tcp)
[[0;32m  OK  [0m] Reached target User and Group Name Lookups.
[[0;32m  OK  [0m] Started Journal Service.
[[0;32m  OK  [0m] Started Uncomplicated firewall.
[[0;32m  OK  [0m] Started Create list of required staâ€¦vice nodes for the current kernel.
[[0;32m  OK  [0m] Mounted POSIX Message Queue File System.
[[0;32m  OK  [0m] Mounted Kernel Debug File System.
[   12.242633] iscsi: registered transport (iser)
[[0;32m  OK  [0m] Mounted Huge Pages File System.
[[0;32m  OK  [0m] Started Load Kernel Modules.
[[0;32m  OK  [0m] Started LVM2 metadata daemon.
         Starting Apply Kernel Variables...
         Mounting FUSE Control File System...
         Mounting Kernel Configuration File System...
         Starting Create Static Device Nodes in /dev...
[[0;32m  OK  [0m] Mounted FUSE Control File System.
[[0;32m  OK  [0m] Mounted Kernel Configuration File System.
[[0;32m  OK  [0m] Started udev Coldplug all Devices.
[[0;32m  OK  [0m] Started Remount Root and Kernel File Systems.
[[0;32m  OK  [0m] Started Create Static Device Nodes in /dev.
[[0;32m  OK  [0m] Started Monitoring of LVM2 mirrors,â€¦sing dmeventd or progress polling.
[[0;32m  OK  [0m] Started Apply Kernel Variables.
         Starting Load/Save Random Seed...
         Starting Flush Journal to Persistent Storage...
         Starting udev Kernel Device Manager...
[[0;32m  OK  [0m] Started Load/Save Random Seed.
[[0;32m  OK  [0m] Started udev Kernel Device Manager.
[[0;32m  OK  [0m] Started Set the console keyboard layout.
[[0;32m  OK  [0m] Started Dispatch Password Requests to Console Directory Watch.
[[0;32m  OK  [0m] Reached target Local Encrypted Volumes.
[[0;32m  OK  [0m] Reached target Local File Systems (Pre).
[[0;32m  OK  [0m] Reached target Local File Systems.
         Starting AppArmor initialization...
         Starting Commit a transient machine-id on disk...
         Starting Tell Plymouth To Write Out Runtime Data...
         Starting ebtables ruleset management...
         Starting Set console font and keymap...
[[0;32m  OK  [0m] Started Flush Journal to Persistent Storage.
         Starting Create Volatile Files and Directories...
[[0;32m  OK  [0m] Started Tell Plymouth To Write Out Runtime Data.
[[0;32m  OK  [0m] Started Set console font and keymap.
[[0;32m  OK  [0m] Started Create Volatile Files and Directories.
         Starting Update UTMP about System Boot/Shutdown...
[[0;32m  OK  [0m] Started Update UTMP about System Boot/Shutdown.
[[0;32m  OK  [0m] Started Commit a transient machine-id on disk.
[[0;32m  OK  [0m] Found device /dev/ttyS0.
[[0;32m  OK  [0m] Started ebtables ruleset management.
[[0;32m  OK  [0m] Listening on Load/Save RF Kill Switch Status /dev/rfkill Watch.
[[0;32m  OK  [0m] Started AppArmor initialization.
         Starting Initial cloud-init job (pre-networking)...
         Starting Load AppArmor profiles managed internally by snapd...
[[0;32m  OK  [0m] Started Load AppArmor profiles managed internally by snapd.
[   14.934487] cloud-init[601]: Cloud-init v. 20.3-2-g371b392c-0ubuntu1~18.04.1 running 'init-local' at Wed, 18 May 2022 09:14:11 +0000. Up 14.01 seconds.
[[0;32m  OK  [0m] Started Initial cloud-init job (pre-networking).
[[0;32m  OK  [0m] Reached target Network (Pre).
         Starting Network Service...
[[0;32m  OK  [0m] Started Network Service.
         Starting Wait for Network to be Configured...
         Starting Network Name Resolution...
[[0;32m  OK  [0m] Started Network Name Resolution.
[[0;32m  OK  [0m] Reached target Host and Network Name Lookups.
[[0;32m  OK  [0m] Reached target Network.
[[0;32m  OK  [0m] Started Wait for Network to be Configured.
         Starting Initial cloud-init job (metadata service crawler)...
[   16.642764] cloud-init[741]: Cloud-init v. 20.3-2-g371b392c-0ubuntu1~18.04.1 running 'init' at Wed, 18 May 2022 09:14:14 +0000. Up 16.46 seconds.
[   16.652266] cloud-init[741]: ci-info: ++++++++++++++++++++++++++++++++++++++Net device info+++++++++++++++++++++++++++++++++++++++
[   16.664240] cloud-init[741]: ci-info: +--------+-------+----------------------------+---------------+--------+-------------------+
[   16.665629] cloud-init[741]: ci-info: | Device |   Up  |          Address           |      Mask     | Scope  |     Hw-Address    |
[   16.667404] cloud-init[741]: ci-info: +--------+-------+----------------------------+---------------+--------+-------------------+
[   16.668996] cloud-init[741]: ci-info: | enp0s3 |  True |         10.0.2.15          | 255.255.255.0 | global | 02:d8:8f:db:6c:f1 |
[   16.670563] cloud-init[741]: ci-info: | enp0s3 |  True | fe80::d8:8fff:fedb:6cf1/64 |       .       |  link  | 02:d8:8f:db:6c:f1 |
[   16.672018] cloud-init[741]: ci-info: | enp0s8 | False |             .              |       .       |   .    | 08:00:27:cd:f0:fc |
[   16.673821] cloud-init[741]: ci-info: |   lo   |  True |         127.0.0.1          |   255.0.0.0   |  host  |         .         |
[   16.675358] cloud-init[741]: ci-info: |   lo   |  True |          ::1/128           |       .       |  host  |         .         |
[   16.676904] cloud-init[741]: ci-info: +--------+-------+----------------------------+---------------+--------+-------------------+
[   16.696147] cloud-init[741]: ci-info: ++++++++++++++++++++++++++++Route IPv4 info+++++++++++++++++++++++++++++
[   16.697233] cloud-init[741]: ci-info: +-------+-------------+----------+-----------------+-----------+-------+
[   16.698615] cloud-init[741]: ci-info: | Route | Destination | Gateway  |     Genmask     | Interface | Flags |
[   16.708173] cloud-init[741]: ci-info: +-------+-------------+----------+-----------------+-----------+-------+
[   16.709416] cloud-init[741]: ci-info: |   0   |   0.0.0.0   | 10.0.2.2 |     0.0.0.0     |   enp0s3  |   UG  |
[   16.710689] cloud-init[741]: ci-info: |   1   |   10.0.2.0  | 0.0.0.0  |  255.255.255.0  |   enp0s3  |   U   |
[   16.724166] cloud-init[741]: ci-info: |   2   |   10.0.2.2  | 0.0.0.0  | 255.255.255.255 |   enp0s3  |   UH  |
[   16.740342] cloud-init[741]: ci-info: +-------+-------------+----------+-----------------+-----------+-------+
[   16.741310] cloud-init[741]: ci-info: +++++++++++++++++++Route IPv6 info+++++++++++++++++++
[   16.742183] cloud-init[741]: ci-info: +-------+-------------+---------+-----------+-------+
[   16.743219] cloud-init[741]: ci-info: | Route | Destination | Gateway | Interface | Flags |
[   16.755278] cloud-init[741]: ci-info: +-------+-------------+---------+-----------+-------+
[   16.756504] cloud-init[741]: ci-info: |   1   |  fe80::/64  |    ::   |   enp0s3  |   U   |
[   16.768317] cloud-init[741]: ci-info: |   3   |    local    |    ::   |   enp0s3  |   U   |
[   16.784781] cloud-init[741]: ci-info: |   4   |   ff00::/8  |    ::   |   enp0s3  |   U   |
[   16.796382] cloud-init[741]: ci-info: +-------+-------------+---------+-----------+-------+
[   17.372071] cloud-init[741]: Generating public/private rsa key pair.
[   17.373254] cloud-init[741]: Your identification has been saved in /etc/ssh/ssh_host_rsa_key.
[   17.374236] cloud-init[741]: Your public key has been saved in /etc/ssh/ssh_host_rsa_key.pub.
[   17.375004] cloud-init[741]: The key fingerprint is:
[   17.375437] cloud-init[741]: SHA256:7jD0NHYNoHXY+MAwHa00ppa2oTJ70K4S5jvqveADQsA root@ubuntu-bionic
[   17.388268] cloud-init[741]: The key's randomart image is:
[   17.400211] cloud-init[741]: +---[RSA 2048]----+
[[0;32m  OK  [0m] Started Initial cloud-init job (metadata service crawler).
[   17.412241] cloud-init[741]: |.     o++*.      |
[[0;32m  OK  [0m] Reached target Cloud-config availability.
[   17.424719] cloud-init[741]: |.E     +Xoo      |
[[0;32m  OK  [0m] Reached target Network is Online.
[   17.437153] cloud-init[741]: |.     .= =.      |
[[0;32m  OK  [0m] Reached target Remote File Systems (Pre).
[[   17.449128] [0;32m  OK  [0mcloud-init] [741]: Reached target Remote File Systems.| .    * . .o     |

         [   17.450545] Starting Availability of block devices...cloud-init
[741]: |.  . +.oS . .    |
[   17.451083] cloud-init[741]: |+.+ o..= o       |
[[0;32m  OK  [0m] Reached target System Initialization.
[   17.451134] cloud-init[741]: [[0;32m  OK  [0m] Started ACPI Events Check.
[[0;32m  OK  [0m] Listening on D-Bus System Message Bus Socket.
[[0;32m  OK  [0m] Reached target Paths.
[[0;32m  OK  [0m] Started Daily Cleanup of Temporary Directories.
|=o *  o o        |         Starting LXD - unix socket.
[[0;32m  OK  [0m] Listening on UUID daemon activation socket.
[[0;32m  OK  [0m] Started Daily apt download activities.
[[0;32m  OK  [0m] Started Daily apt upgrade and clean activities.
[[0;32m  OK  [0m] Listening on Open-iSCSI iscsid Socket.
[[0;32m  OK  [0m] Started Discard unused blocks once a week.
[[0;32m  OK  [0m] Listening on ACPID Listen Socket.
         Starting Socket activation for snappy daemon.
[[0;32m  OK  [0m] Started Message of the Day.
[[0;32m  OK  [0m] Reached target Timers.
[[0;32m  OK  [0m] Listening on LXD - unix socket.
[[0;32m  OK  [0m] Listening on Socket activation for snappy daemon.
[[0;32m  OK  [0m] Reached target Sockets.
[[0;32m  OK  [0m] Reached target Basic System.
         Starting Permit User Sessions...

[[0;32m  OK  [0m] Started Deferred execution scheduler.
[   17.476637] cloud-init[741]: |o++ o  +         |
         Starting Pollinate to seed the pseudo random number generator...
[   17.480178] cloud-init[741]: |+===.   .        |
[   17.492617] cloud-init[741]: +----[SHA256]-----+
         Starting LXD - container startup/shutdown...
[   17.508201] cloud-init[741]: Generating public/private dsa key pair.
[   17.521184] cloud-init[741]: Your identification has been saved in /etc/ssh/ssh_host_dsa_key.
         Starting Virtualbox guest utils...
[   17.536419] cloud-init[741]: Your public key has been saved in /etc/ssh/ssh_host_dsa_key.pub.
[   17.552341] cloud-init[741]: The key fingerprint is:
[   17.564143] cloud-init[741]: SHA256:pqRSv5pAe3vGZWAgffSvbl1fQuuHcyTNt5B6qoSsHHU root@ubuntu-bionic
[   17.564915] cloud-init[741]: The key's randomart image is:
[   17.565364] cloud-init[741]: +---[DSA 1024]----+
[   17.565954] cloud-init[741]: |   . ..          |
[   17.566597] cloud-init[741]: |  . o ..         |
[   17.567224] cloud-init[741]: |   . o  .        |
[   17.567883] cloud-init[741]: |      o  .    .  |
[   17.568572] cloud-init[741]: |  . ...oSE.  ..+ |
[   17.580118] cloud-init[741]: | . o +oo=.  .o+ *|
[   17.592595] cloud-init[741]: |  + ooo=.o ..o.*o|[
[0;32m  OK  [0m] Started irqbalance daemon.
[   17.592655] cloud-init[741]: |   +.o*oo .. .=.o|
[   17.604552] cloud-init[741]: |    +*......o  + |
[[0;32m  OK  [0m] Started FUSE filesystem for LXC.
[   17.617304] cloud-init[741]: +----[SHA256]-----+
         Starting System Logging Service...
[   17.628869] cloud-init[741]: Generating public/private ecdsa key pair.
         Starting Accounts Service...
[   17.630429] cloud-init[741]: Your identification has been saved in /etc/ssh/ssh_host_ecdsa_key.
[   17.640428]          cloud-initStarting LSB: automatic crash report generation...[741]: 
Your public key has been saved in /etc/ssh/ssh_host_ecdsa_key.pub.
[   17.641787] cloud-init[741]: The key fingerprint is:
[   17.642225] cloud-init[741]: SHA256:KEPhZ21V7OuXEq5RKUEAPR5Ln0mJoH5NUOboRMtfcI0 root@ubuntu-bionic
[   17.643453] cloud-init[741]: The key's randomart image is:
[   17.644258] cloud-init[741]: +---[ECDSA 256]---+
[   17.645149] cloud-init[741]: |    . ===o+*.    |
[   17.645977] cloud-init[741]: |   . = B*=E o    |
[   17.656709] cloud-init[741]: |    + Bo=*o+     |
[   17.668159] cloud-init[741]: |   o = *o.+...   |
[   17.668582] cloud-init[741]: |    + + S . o.   |
[   17.680193] cloud-init[741]: |     +     oo    |
         Starting Snap Daemon...
[   17.692518] cloud-init[741]: |          .o . . |
[   17.709996] cloud-init[741]: |           .+ o  |
         Starting LSB: Record successful boot for GRUB...
[   17.720414] cloud-init[741]: |          .. o   |
         Starting Login Service...
[   17.736348] cloud-init[741]: +----[SHA256]-----+
[   17.752207] cloud-init[741]: Generating public/private ed25519 key pair.
[   17.753178] cloud-init[741]: Your identification has been saved in /etc/ssh/ssh_host_ed25519_key.
[   17.754393] cloud-init[741]: Your public key has been saved in /etc/ssh/ssh_host_ed25519_key.pub.
[   17.755697] cloud-init[741]: The key fingerprint is:
[   17.756833] cloud-init[741]: SHA256:NJixh6+NUdr8PP6wz16WSjssLPyBT5FWPtg6Nc5WzPc root@ubuntu-bionic
[   17.758041] cloud-init[741]: The key's randomart image is:
[   17.758964] cloud-init[741]: +--[ED25519 256]--+
[   17.759740] cloud-init[741]: |      .          |
[   17.760818] cloud-init[741]: |       *         |
[   17.761699] cloud-init[741]: |      = =   .    |
[   17.762720] cloud-init[741]: |       O . * o   |
[   17.763611] cloud-init[741]: |      o S = * + .|
[   17.764441] cloud-init[741]: |       = = * + o.|
[   17.765193] cloud-init[741]: |      o.o.X.= + E|
[   17.770885] cloud-init[741]: |        o+oXo=   |
[   17.771985] cloud-init[741]: |         o==B.   |
[   17.773090] cloud-init[741]: +----[SHA256]-----+
[[0;32m  OK  [0m] Started Regular background program processing daemon.
         Starting Dispatcher daemon for systemd-networkd...
[[0;32m  OK  [0m] Started D-Bus System Message Bus.
[[0;32m  OK  [0m] Started System Logging Service.
[[0;32m  OK  [0m] Started Availability of block devices.
[[0;32m  OK  [0m] Started Permit User Sessions.
[[0;32m  OK  [0m] Started LXD - container startup/shutdown.
[[0;32m  OK  [0m] Started Login Service.
         Starting Authorization Manager...
[[0;32m  OK  [0m] Started Unattended Upgrades Shutdown.
         Starting Hold until boot process finishes up...
         Starting Terminate Plymouth Boot Screen...
[[0;32m  OK  [0m] Started Hold until boot process finishes up.
[[0;32m  OK  [0m] Started Terminate Plymouth Boot Screen.
[[0;32m  OK  [0m] Started Serial Getty on ttyS0.
         Starting Set console scheme...
[[0;32m  OK  [0m] Started LSB: Record successful boot for GRUB.
[[0;32m  OK  [0m] Started LSB: automatic crash report generation.
[[0;32m  OK  [0m] Started Set console scheme.
[[0;32m  OK  [0m] Started Authorization Manager.
[[0;32m  OK  [0m] Started Accounts Service.
[[0;32m  OK  [0m] Started Dispatcher daemon for systemd-networkd.
[[0;32m  OK  [0m] Created slice system-getty.slice.
[[0;32m  OK  [0m] Started Getty on tty1.
[[0;32m  OK  [0m] Reached target Login Prompts.
[[0;32m  OK  [0m] Started Virtualbox guest utils.
[[0;32m  OK  [0m] Started Snap Daemon.
         Starting Wait until snapd is fully seeded...
[[0;32m  OK  [0m] Started Pollinate to seed the pseudo random number generator.
         Starting OpenBSD Secure Shell server...
[[0;32m  OK  [0m] Started OpenBSD Secure Shell server.
[[0;32m  OK  [0m] Created slice User Slice of vagrant.
         Starting User Manager for UID 1000...
[[0;32m  OK  [0m] Started Session 1 of user vagrant.
[[0;32m  OK  [0m] Started User Manager for UID 1000.
[[0;32m  OK  [0m] Started Wait until snapd is fully seeded.
[[0;32m  OK  [0m] Reached target Multi-User System.
[[0;32m  OK  [0m] Reached target Graphical Interface.
         Starting Update UTMP about System Runlevel Changes...
         Starting Apply the settings specified in cloud-config...
[[0;32m  OK  [0m] Started Update UTMP about System Runlevel Changes.
[   20.479872] cloud-init[1458]: Cloud-init v. 20.3-2-g371b392c-0ubuntu1~18.04.1 running 'modules:config' at Wed, 18 May 2022 09:14:17 +0000. Up 19.92 seconds.
[[0;32m  OK  [0m] Started Apply the settings specified in cloud-config.
         Starting Execute cloud user/final scripts...
ci-info: no authorized SSH keys fingerprints found for user ubuntu.
<14>May 18 09:14:18 ec2: 
<14>May 18 09:14:18 ec2: #############################################################
<14>May 18 09:14:18 ec2: -----BEGIN SSH HOST KEY FINGERPRINTS-----
<14>May 18 09:14:18 ec2: 1024 SHA256:pqRSv5pAe3vGZWAgffSvbl1fQuuHcyTNt5B6qoSsHHU root@ubuntu-bionic (DSA)
<14>May 18 09:14:18 ec2: 256 SHA256:KEPhZ21V7OuXEq5RKUEAPR5Ln0mJoH5NUOboRMtfcI0 root@ubuntu-bionic (ECDSA)
<14>May 18 09:14:18 ec2: 256 SHA256:NJixh6+NUdr8PP6wz16WSjssLPyBT5FWPtg6Nc5WzPc root@ubuntu-bionic (ED25519)
<14>May 18 09:14:18 ec2: 2048 SHA256:7jD0NHYNoHXY+MAwHa00ppa2oTJ70K4S5jvqveADQsA root@ubuntu-bionic (RSA)
<14>May 18 09:14:18 ec2: -----END SSH HOST KEY FINGERPRINTS-----
<14>May 18 09:14:18 ec2: #############################################################
-----BEGIN SSH HOST KEY KEYS-----
ecdsa-sha2-nistp256 AAAAE2VjZHNhLXNoYTItbmlzdHAyNTYAAAAIbmlzdHAyNTYAAABBBPvthbtT7quMmaCsYMfWHsIGLYYtpbSpNBd6zaP0lPihwcRm06L56F6V6m0EgEvOy7lup4izJUoTKSyzxLUSeos= root@ubuntu-bionic
ssh-ed25519 AAAAC3NzaC1lZDI1NTE5AAAAIMj4iN9ONde9yyUNGBm0ABRSDwgiE/ceLzPLp8Z303qa root@ubuntu-bionic
ssh-rsa AAAAB3NzaC1yc2EAAAADAQABAAABAQC9hqgA+m1biPdZN1rvV95Gsy2tzoKZcbWBI5ExIa2NSXTiNfCZM48zBq0wq48z1+8AhiSvNAZmqTLkecBTFozyt2yApJ8KHgF4ZNpMZ5tXon9LudfWucXAT/O4S7V3ebgmG6hNmNXpTuQ+m949Pr+s7HdMXsoD/M0J8zy6rnkfHN+XQY6AJjfwMK/lTca2VrTsvKU2Ylq8Q+Nn+7Jd8IJGMYvsAx2WYCEZz3tAl9mPheUY9pSci+Hbr2lSMV8ehzN6UqIL+klXumpVbW63eLw3+9oPfKfJ4poZZtm7bPUJ763yHAFL9bZ3PmhoLuUQTCMM+ZYp7N32hrxNDmxKF9GN root@ubuntu-bionic
-----END SSH HOST KEY KEYS-----
[   21.145451] cloud-init[1587]: Cloud-init v. 20.3-2-g371b392c-0ubuntu1~18.04.1 running 'modules:final' at Wed, 18 May 2022 09:14:18 +0000. Up 20.95 seconds.
[   21.156417] cloud-init[1587]: ci-info: no authorized SSH keys fingerprints found for user ubuntu.
[   21.157327] cloud-init[1587]: Cloud-init v. 20.3-2-g371b392c-0ubuntu1~18.04.1 finished at Wed, 18 May 2022 09:14:18 +0000. Datasource DataSourceNoCloud [seed=/dev/sdb][dsmode=net].  Up 21.13 seconds
[[0;32m  OK  [0m] Started Execute cloud user/final scripts.
[[0;32m  OK  [0m] Reached target Cloud-init target.

Ubuntu 18.04.5 LTS ubuntu-bionic ttyS0

ubuntu-bionic login: 